MPLINK 5.09, LINKER
Linker Map File - Created Mon Dec 09 15:36:35 2024

                                 Section Info
                  Section       Type    Address   Location Size(Bytes)
                ---------  ---------  ---------  ---------  ---------
                   .org_0       code   0x000000    program   0x000004
                   .cinit    romdata   0x000002    program   0x000004
                   .org_1       code   0x000004    program   0x000146
.config_2007_BUILD/DEFAULT/PRODUCTION/SRC/MAI       code   0x002007    program   0x000002



                              Program Memory Usage 
                               Start         End      
                           ---------   ---------      
                            0x000000    0x0000a6      
                            0x002007    0x002007      
            168 out of 8454 program addresses used, program memory utilization is 1%



                              Symbols - Sorted by Name
                     Name    Address   Location    Storage File                     
                ---------  ---------  ---------  --------- ---------                
              ADC_CONVERT   0x00001a    program     static src\main.asm             
                  ADC_GET   0x00001c    program     static src\main.asm             
                 ADC_INIT   0x000011    program     static src\main.asm             
                  CVT_END   0x000089    program     static src\main.asm             
                  CVT_INT   0x00007d    program     static src\main.asm             
                  CVT_SUB   0x000072    program     static src\main.asm             
                 CVT_SUB2   0x000082    program     static src\main.asm             
                   Double   0x000096    program     static src\main.asm             
                 GET_VOLT   0x000065    program     static src\main.asm             
        INTERRUPT_HANDLER   0x000004    program     static src\main.asm             
                 INT_INIT   0x000009    program     static src\main.asm             
                 NextChar   0x00009c    program     static src\main.asm             
                 NoDouble   0x000099    program     static src\main.asm             
              TIMER1_INIT   0x00004a    program     static src\main.asm             
         TIMER1_INTERRUPT   0x00004f    program     static src\main.asm             
            TRIGGERED_INT   0x00005e    program     static src\main.asm             
               USART_INIT   0x000020    program     static src\main.asm             
          USART_INTERRUPT   0x000048    program     static src\main.asm             
               USART_SEND   0x000031    program     static src\main.asm             
       USART_SEND_ADC_BUF   0x000039    program     static src\main.asm             
                     init   0x0000a1    program     static src\main.asm             
                    start   0x0000a6    program     static src\main.asm             



                              Symbols - Sorted by Address
                     Name    Address   Location    Storage File                     
                ---------  ---------  ---------  --------- ---------                
        INTERRUPT_HANDLER   0x000004    program     static src\main.asm             
                 INT_INIT   0x000009    program     static src\main.asm             
                 ADC_INIT   0x000011    program     static src\main.asm             
              ADC_CONVERT   0x00001a    program     static src\main.asm             
                  ADC_GET   0x00001c    program     static src\main.asm             
               USART_INIT   0x000020    program     static src\main.asm             
               USART_SEND   0x000031    program     static src\main.asm             
       USART_SEND_ADC_BUF   0x000039    program     static src\main.asm             
          USART_INTERRUPT   0x000048    program     static src\main.asm             
              TIMER1_INIT   0x00004a    program     static src\main.asm             
         TIMER1_INTERRUPT   0x00004f    program     static src\main.asm             
            TRIGGERED_INT   0x00005e    program     static src\main.asm             
                 GET_VOLT   0x000065    program     static src\main.asm             
                  CVT_SUB   0x000072    program     static src\main.asm             
                  CVT_INT   0x00007d    program     static src\main.asm             
                 CVT_SUB2   0x000082    program     static src\main.asm             
                  CVT_END   0x000089    program     static src\main.asm             
                   Double   0x000096    program     static src\main.asm             
                 NoDouble   0x000099    program     static src\main.asm             
                 NextChar   0x00009c    program     static src\main.asm             
                     init   0x0000a1    program     static src\main.asm             
                    start   0x0000a6    program     static src\main.asm             


